{
  "exclude": {
    "files": null,
    "lines": null
  },
  "generated_at": "2026-07-01T23:51:53Z",
  "plugins_used": [
    {
      "name": "AWSKeyDetector"
    },
    {
      "name": "ArtifactoryDetector"
    },
    {
      "name": "AzureStorageKeyDetector"
    },
    {
      "base64_limit": 4.5,
      "name": "Base64HighEntropyString"
    },
    {
      "name": "BasicAuthDetector"
    },
    {
      "name": "BoxDetector"
    },
    {
      "name": "CloudantDetector"
    },
    {
      "ghe_instance": "github.ibm.com",
      "name": "GheDetector"
    },
    {
      "name": "GitHubTokenDetector"
    },
    {
      "hex_limit": 3,
      "name": "HexHighEntropyString"
    },
    {
      "name": "IbmCloudIamDetector"
    },
    {
      "name": "IbmCosHmacDetector"
    },
    {
      "name": "JwtTokenDetector"
    },
    {
      "keyword_exclude": null,
      "name": "KeywordDetector"
    },
    {
      "name": "MailchimpDetector"
    },
    {
      "name": "NpmDetector"
    },
    {
      "name": "PrivateKeyDetector"
    },
    {
      "name": "SlackDetector"
    },
    {
      "name": "SoftlayerDetector"
    },
    {
      "name": "SquareOAuthDetector"
    },
    {
      "name": "StripeDetector"
    },
    {
      "name": "TwilioKeyDetector"
    }
  ],
  "results": {
    "PasskeyApp.xcodeproj/project.xcworkspace/xcshareddata/swiftpm/Package.resolved": [
      {
        "hashed_secret": "6083b78b7b61e04c3ae936a9542f3b5e6507126b",
        "is_secret": false,
        "is_verified": false,
        "line_number": 9,
        "type": "Hex High Entropy String",
        "verified_result": null
      }
    ],
    "PasskeyApp.xcodeproj/xcshareddata/xcschemes/PasskeyApp.xcscheme": [
      {
        "hashed_secret": "ce6ae4d7d4f532bc648f003326827d55a26d0c4f",
        "is_secret": false,
        "is_verified": false,
        "line_number": 64,
        "type": "Hex High Entropy String",
        "verified_result": null
      }
    ],
    "README.md": [
      {
        "hashed_secret": "e8931b63b9b0345cba687a50f77f38f44b15bf6a",
        "is_secret": false,
        "is_verified": false,
        "line_number": 28,
        "type": "Secret Keyword",
        "verified_result": null
      }
    ],
    "Sources/PasskeyApp.entitlements": [
      {
        "hashed_secret": "d23ff1a94c9c6cf173865c30b1f6396881c577a5",
        "is_secret": false,
        "is_verified": false,
        "line_number": 7,
        "type": "Secret Keyword",
        "verified_result": null
      }
    ]
  },
  "version": "0.13.1+ibm.64.dss",
  "word_list": {
    "file": null,
    "hash": null
  }
}
